// Jest Snapshot v1, https://goo.gl/fbAQLP

exports[`Spacer correctly applies the theme context className 1`] = `
<div
  class="margin-top-none margin-bottom-none margin-left-none margin-right-none padding-top-none padding-bottom-none padding-left-none padding-right-none orion-fusion-theme"
>
  <div>
    Test Component
  </div>
</div>
`;

exports[`Spacer it should pass in a custom prop 1`] = `
<div
  class="margin-top-none margin-bottom-none margin-left-none margin-right-none padding-top-none padding-bottom-none padding-left-none padding-right-none spacer"
>
  <p>
    Test
  </p>
</div>
`;

exports[`Spacer should render a default component 1`] = `
<div
  class="margin-top-none margin-bottom-none margin-left-none margin-right-none padding-top-none padding-bottom-none padding-left-none padding-right-none"
>
  <div>
    Test Component
  </div>
</div>
`;

exports[`Spacer should render a spacer component with all margin props set to the given values 1`] = `
<div
  class="margin-top-small margin-bottom-small-minus-1 margin-left-small-minus-2 margin-right-medium padding-top-none padding-bottom-none padding-left-none padding-right-none"
>
  <p>
    Test
  </p>
</div>
`;

exports[`Spacer should render a spacer component with all padding props set to the given values 1`] = `
<div
  class="margin-top-none margin-bottom-none margin-left-none margin-right-none padding-top-large-plus-1 padding-bottom-large-plus-2 padding-left-large-plus-3 padding-right-large-plus-4"
>
  <p>
    Test
  </p>
</div>
`;

exports[`Spacer should render a spacer component with inline-block display 1`] = `
<div
  class="margin-top-none margin-bottom-none margin-left-none margin-right-none padding-top-none padding-bottom-none padding-left-none padding-right-none is-inline-block"
>
  <p>
    Test
  </p>
</div>
`;

exports[`Spacer should render a spacer component with large left padding 1`] = `
<div
  class="margin-top-none margin-bottom-none margin-left-none margin-right-none padding-top-none padding-bottom-none padding-left-large padding-right-none"
>
  <p>
    Test
  </p>
</div>
`;

exports[`Spacer should render a spacer component with large vertical and small horizontal margin 1`] = `
<div
  class="margin-top-large margin-bottom-large margin-left-small margin-right-small padding-top-none padding-bottom-none padding-left-none padding-right-none"
>
  <p>
    Test
  </p>
</div>
`;

exports[`Spacer should render a spacer component with medium bottom margin 1`] = `
<div
  class="margin-top-none margin-bottom-medium margin-left-none margin-right-none padding-top-none padding-bottom-none padding-left-none padding-right-none"
>
  <p>
    Test
  </p>
</div>
`;

exports[`Spacer should render a spacer component with small top margin 1`] = `
<div
  class="margin-top-small margin-bottom-none margin-left-none margin-right-none padding-top-none padding-bottom-none padding-left-none padding-right-none"
>
  <p>
    Test
  </p>
</div>
`;

exports[`Spacer should render a spacer component with top, right, bottom, and left margin set to large 1`] = `
<div
  class="margin-top-large margin-bottom-large margin-left-large margin-right-large padding-top-none padding-bottom-none padding-left-none padding-right-none"
>
  <p>
    Test
  </p>
</div>
`;

exports[`Spacer should render a spacer component with top, right, bottom, and left padding set to large 1`] = `
<div
  class="margin-top-none margin-bottom-none margin-left-none margin-right-none padding-top-large padding-bottom-large padding-left-large padding-right-large"
>
  <p>
    Test
  </p>
</div>
`;

exports[`Spacer should render a spacer component with vertical margin set to large and horizontal margin set to small 1`] = `
<div
  class="margin-top-large margin-bottom-large margin-left-small margin-right-small padding-top-none padding-bottom-none padding-left-none padding-right-none"
>
  <p>
    Test
  </p>
</div>
`;

exports[`Spacer should render a spacer component with vertical padding set to large and horizontal padding set to small 1`] = `
<div
  class="margin-top-none margin-bottom-none margin-left-none margin-right-none padding-top-large padding-bottom-large padding-left-small padding-right-small"
>
  <p>
    Test
  </p>
</div>
`;

exports[`Spacer should render a spacer component with vertical top margin set to large, horizontal margin set to medium, and bottom margin set to small 1`] = `
<div
  class="margin-top-large margin-bottom-small margin-left-medium margin-right-medium padding-top-none padding-bottom-none padding-left-none padding-right-none"
>
  <p>
    Test
  </p>
</div>
`;

exports[`Spacer should render a spacer component with vertical top margin set to large, right margin set to medium, bottom margin set to small, and left margin set to small-1  1`] = `
<div
  class="margin-top-large margin-bottom-small margin-left-small-minus-1 margin-right-medium padding-top-none padding-bottom-none padding-left-none padding-right-none"
>
  <p>
    Test
  </p>
</div>
`;

exports[`Spacer should render a spacer component with vertical top padding set to large, horizontal padding set to medium, and bottom padding set to small 1`] = `
<div
  class="margin-top-none margin-bottom-none margin-left-none margin-right-none padding-top-large padding-bottom-small padding-left-medium padding-right-medium"
>
  <p>
    Test
  </p>
</div>
`;

exports[`Spacer should render a spacer component with vertical top padding set to large, right padding set to medium, bottom padding set to small, and left padding set to small-1  1`] = `
<div
  class="margin-top-none margin-bottom-none margin-left-none margin-right-none padding-top-large padding-bottom-small padding-left-small-minus-1 padding-right-medium"
>
  <p>
    Test
  </p>
</div>
`;
