// Jest Snapshot v1, https://goo.gl/fbAQLP

exports[`should render a cell with content 1`] = `
<div
  className="cell"
>
  Content
</div>
`;

exports[`should render a cell with width percentage 1`] = `
<div
  className="cell"
  style={
    Object {
      "flex": "0 0 0px",
      "maxWidth": "20%",
      "minWidth": "20%",
      "msFlex": "0 0 0px",
    }
  }
/>
`;

exports[`should render a cell with width scalar 1`] = `
<div
  className="cell"
  style={
    Object {
      "flex": "2 2 0px",
      "msFlex": "2 2 0px",
    }
  }
/>
`;

exports[`should render a cell with width static 1`] = `
<div
  className="cell"
  style={
    Object {
      "flex": "0 0 0px",
      "maxWidth": "40rem",
      "minWidth": "40rem",
      "msFlex": "0 0 0px",
    }
  }
/>
`;

exports[`should render a default cell 1`] = `
<div
  className="cell"
/>
`;

exports[`should render a table cell with refCallback 1`] = `
<div
  className="cell"
/>
`;
