exports[`test should render a default component 1`] = `
<div
  className="grid">
  <GridColumn>
    Test
  </GridColumn>
</div>
`;
