// Jest Snapshot v1, https://goo.gl/fbAQLP

exports[`generate translations file creates the translation file 1`] = `
"import { addLocaleData } from 'react-intl';
import localeData from 'react-intl/locale-data/en';

addLocaleData(localeData);

const messages = {
  \\"Terra.fixtures.test\\": \\"Test...\\",
  \\"Terra.Fixtures1.test\\": \\"Test...\\",
  \\"Terra.More.fixtures.test\\": \\"Test...\\",
  \\"Terra.test.fixtures.test\\": \\"Test...\\"
};
const areTranslationsLoaded = true;
const locale = 'en';
export {
  areTranslationsLoaded,
  locale,
  messages
};"
`;
